2026-09-06 13:13:19,464 | INFO | discord.client | logging in using static token
2026-09-06 13:13:20,357 | INFO | root | Loading features...
2026-09-06 13:13:21,343 | INFO | root | Features loaded
2026-09-06 13:13:22,175 | INFO | discord.gateway | Shard ID None has connected to Gateway (Session ID: 374508287500ed5e7c6537d4bf94688d).
2026-09-06 13:13:24,573 | INFO | root | Logged in as Test Subject 001#3483
2026-09-06 13:13:24,573 | INFO | root | Synced 22 commands
2026-09-06 13:14:18,210 | INFO | discord.voice_state | Connecting to voice...
2026-09-06 13:14:18,210 | INFO | discord.voice_state | Starting voice handshake... (connection attempt 1)
2026-09-06 13:14:18,806 | INFO | discord.voice_state | Voice handshake complete. Endpoint found: c-bom06-cc072e29.discord.media:2087
2026-09-06 13:14:19,021 | INFO | discord.voice_state | Voice connection complete.
2026-09-06 13:14:31,415 | INFO | discord.player | ffmpeg process 1049408 has not terminated. Waiting to terminate...
2026-09-06 13:14:31,419 | INFO | discord.player | ffmpeg process 1049408 should have terminated with a return code of -9.
2026-09-06 13:17:49,308 | INFO | discord.client | logging in using static token
2026-09-06 13:17:50,127 | INFO | root | Loading features...
2026-09-06 13:17:51,216 | INFO | root | Features loaded
2026-09-06 13:17:52,217 | INFO | discord.gateway | Shard ID None has connected to Gateway (Session ID: f5361d943b9e1f7f16690405daa56b9a).
2026-09-06 13:17:54,696 | INFO | root | Logged in as Test Subject 001#3483
2026-09-06 13:17:54,696 | INFO | root | Synced 22 commands
2026-09-06 13:18:40,595 | INFO | discord.voice_state | Connecting to voice...
2026-09-06 13:18:40,595 | INFO | discord.voice_state | Starting voice handshake... (connection attempt 1)
2026-09-06 13:18:41,148 | INFO | discord.voice_state | Voice handshake complete. Endpoint found: c-bom06-cc072e29.discord.media:2087
2026-09-06 13:18:41,385 | INFO | discord.voice_state | Voice connection complete.
2026-09-06 13:19:02,048 | INFO | discord.player | ffmpeg process 1169229 has not terminated. Waiting to terminate...
2026-09-06 13:19:02,052 | INFO | discord.player | ffmpeg process 1169229 should have terminated with a return code of -9.
2026-09-06 13:19:07,850 | INFO | discord.player | ffmpeg process 1176246 has not terminated. Waiting to terminate...
2026-09-06 13:19:07,856 | INFO | discord.player | ffmpeg process 1176246 should have terminated with a return code of -9.
2026-09-06 13:19:22,760 | INFO | discord.client | logging in using static token
2026-09-06 13:19:23,774 | INFO | root | Loading features...
2026-09-06 13:19:24,801 | INFO | root | Features loaded
2026-09-06 13:19:25,753 | INFO | discord.gateway | Shard ID None has connected to Gateway (Session ID: dcd042707ff765950a86a5d45836cb9a).
2026-09-06 13:19:28,194 | INFO | root | Logged in as Test Subject 001#3483
2026-09-06 13:19:28,194 | INFO | root | Synced 24 commands
2026-09-06 13:19:45,063 | INFO | discord.voice_state | Connecting to voice...
2026-09-06 13:19:45,064 | INFO | discord.voice_state | Starting voice handshake... (connection attempt 1)
2026-09-06 13:19:45,660 | INFO | discord.voice_state | Voice handshake complete. Endpoint found: c-bom06-cc072e29.discord.media:2087
2026-09-06 13:19:45,866 | INFO | discord.voice_state | Voice connection complete.
2026-09-06 13:20:22,940 | INFO | discord.voice_state | The voice handshake is being terminated for Channel ID 1545995396898230322 (Guild ID 1489261397077393559)
2026-09-06 13:20:22,953 | INFO | discord.player | ffmpeg process 1190831 has not terminated. Waiting to terminate...
2026-09-06 13:20:22,958 | INFO | discord.player | ffmpeg process 1190831 should have terminated with a return code of -9.
2026-09-06 13:28:14,750 | INFO | discord.client | logging in using static token
2026-09-06 13:28:15,679 | INFO | root | Loading features...
2026-09-06 13:28:16,713 | INFO | root | Features loaded
2026-09-06 13:28:17,536 | INFO | discord.gateway | Shard ID None has connected to Gateway (Session ID: 1931b4c41073466b7afed26a29abd212).
2026-09-06 13:28:19,916 | INFO | root | Logged in as Test Subject 001#3483
2026-09-06 13:28:19,916 | INFO | root | Synced 24 commands
2026-09-06 13:28:48,687 | INFO | discord.voice_state | Connecting to voice...
2026-09-06 13:28:48,688 | INFO | discord.voice_state | Starting voice handshake... (connection attempt 1)
2026-09-06 13:28:49,301 | INFO | discord.voice_state | Voice handshake complete. Endpoint found: c-bom06-cc072e29.discord.media:2087
2026-09-06 13:28:49,577 | INFO | discord.voice_state | Voice connection complete.
2026-09-06 13:29:58,803 | INFO | discord.voice_state | The voice handshake is being terminated for Channel ID 1545995396898230322 (Guild ID 1489261397077393559)
2026-09-06 13:29:58,807 | INFO | discord.player | ffmpeg process 1347557 has not terminated. Waiting to terminate...
2026-09-06 13:29:58,811 | INFO | discord.player | ffmpeg process 1347557 should have terminated with a return code of -9.
2026-09-06 13:30:08,724 | ERROR | discord.ui.view | Ignoring exception in view <MusicPlayerView timeout=None children=5> for item <Button style=<ButtonStyle.secondary: 2> url=None disabled=False label=None emoji=<PartialEmoji animated=False name='❌' id=None> row=None sku_id=None id=None>
Traceback (most recent call last):
  File "/home/tushar/.local/share/uv/python/cpython-3.13.15-linux-x86_64-gnu/lib/python3.13/asyncio/runners.py", line 119, in run
    return self._loop.run_until_complete(task)
           ~~~~~~~~~~~~~~~~~~~~~~~~~~~~~^^^^^^
  File "/home/tushar/.local/share/uv/python/cpython-3.13.15-linux-x86_64-gnu/lib/python3.13/asyncio/base_events.py", line 726, in run_until_complete
    return future.result()
           ~~~~~~~~~~~~~^^
  File "/home/tushar/Projects/DC-custom-bot-setup/src/main.py", line 6, in main
    await bot.start(bot.token)
  File "/home/tushar/Projects/DC-custom-bot-setup/.venv/lib/python3.13/site-packages/discord/client.py", line 851, in start
    await self.connect(reconnect=reconnect)
  File "/home/tushar/Projects/DC-custom-bot-setup/.venv/lib/python3.13/site-packages/discord/client.py", line 731, in connect
    await self.ws.poll_event()
  File "/home/tushar/Projects/DC-custom-bot-setup/.venv/lib/python3.13/site-packages/discord/gateway.py", line 640, in poll_event
    msg = await self.socket.receive(timeout=self._max_heartbeat_timeout)
          ^^^^^^^^^^^^^^^^^^^^^^^^^^^^^^^^^^^^^^^^^^^^^^^^^^^^^^^^^^^^^^
  File "/home/tushar/Projects/DC-custom-bot-setup/.venv/lib/python3.13/site-packages/aiohttp/client_ws.py", line 409, in receive
    msg = await self._reader.read()
          ^^^^^^^^^^^^^^^^^^^^^^^^^
  File "aiohttp/_websocket/reader_c.py", line 121, in read
  File "aiohttp/_websocket/reader_c.py", line 118, in aiohttp._websocket.reader_c.WebSocketDataQueue.read
    await self._waiter
asyncio.exceptions.CancelledError

During handling of the above exception, another exception occurred:

Traceback (most recent call last):
  File "/home/tushar/.local/share/uv/python/cpython-3.13.15-linux-x86_64-gnu/lib/python3.13/asyncio/runners.py", line 196, in run
    return runner.run(main)
           ~~~~~~~~~~^^^^^^
  File "/home/tushar/.local/share/uv/python/cpython-3.13.15-linux-x86_64-gnu/lib/python3.13/asyncio/runners.py", line 124, in run
    raise KeyboardInterrupt()
KeyboardInterrupt

During handling of the above exception, another exception occurred:

Traceback (most recent call last):
  File "/home/tushar/Projects/DC-custom-bot-setup/.venv/lib/python3.13/site-packages/discord/ui/view.py", line 598, in _scheduled_task
    await item.callback(interaction)
  File "/home/tushar/Projects/DC-custom-bot-setup/src/features/music/commands.py", line 89, in leave
    await interaction.response.send_message("Left the voice channel.", ephemeral=True)
  File "/home/tushar/Projects/DC-custom-bot-setup/.venv/lib/python3.13/site-packages/discord/interactions.py", line 1085, in send_message
    data = await adapter.create_interaction_response(
           ^^^^^^^^^^^^^^^^^^^^^^^^^^^^^^^^^^^^^^^^^^
    ...<6 lines>...
    )
    ^
  File "/home/tushar/Projects/DC-custom-bot-setup/.venv/lib/python3.13/site-packages/discord/webhook/async_.py", line 224, in request
    raise NotFound(response, data)
discord.errors.NotFound: 404 Not Found (error code: 10062): Unknown interaction
2026-09-06 13:56:27,595 | INFO | discord.client | logging in using static token
2026-09-06 13:56:28,545 | INFO | root | Loading features...
2026-09-06 13:56:29,489 | INFO | root | Features loaded
2026-09-06 13:56:30,289 | INFO | discord.gateway | Shard ID None has connected to Gateway (Session ID: 2a73c18205f5c7bd324cb64a5544c580).
2026-09-06 13:56:32,703 | INFO | root | Logged in as Test Subject 001#3483
2026-09-06 13:56:32,703 | INFO | root | Synced 24 commands
